{"error_code":"slopcheck_analysis_failed","message":"unread-field analysis did not complete","trace_id":"00000000000000000000000000000000","tool":"slopcheck","version":"dev","schema_version":"1.0.0","context":{"cause":"configuration default: go list: exit status 1: broken.go:3:27: type error"},"suggestions":["fix package-loading or type errors; unread fields were not checked"],"retryable":false}
