{"error_code":"slopcheck_unread_field","message":"struct fields assigned in composite literals but never read","trace_id":"00000000000000000000000000000000","tool":"slopcheck","version":"dev","schema_version":"1.0.0","context":{"cause":"failing.go:5:2: failing.row.fixme (assigned at failing.go:10:29); failing.go:4:2: failing.row.skip (assigned at failing.go:10:17, failing.go:10:63)"},"suggestions":["read the field where it matters, or delete it and its assignments; review before deleting"],"retryable":false}
