{"error_code":"deadcode_unreachable","message":"unreachable unexported or internal functions","trace_id":"00000000000000000000000000000000","tool":"deadcheck","version":"dev","schema_version":"1.0.0","context":{"cause":"internal/cli/unused.go:12:6: github.com/rshade/ax-go/internal/cli.Unused; mode.go:99:6: github.com/rshade/ax-go.unused"},"suggestions":["remove unused helpers or restore their callers; review findings before deleting code"],"retryable":false}
